EN passwordmodule NULL C:/Users/mgelgi17/Desktop/project/asciiLocker/passwordModule.vhd sub00/vhpl00 1574599992
AR timer behavioral C:/Users/otas17/Desktop/project/asciiLocker/timer.vhd sub00/vhpl02 1574528509
AR passwordmodule behavioral C:/Users/mgelgi17/Desktop/project/asciiLocker/passwordModule.vhd sub00/vhpl03 1574599993
EN timer NULL C:/Users/otas17/Desktop/project/asciiLocker/timer.vhd sub00/vhpl01 1574528508
